--------------------------------------------------------------------------------------
Timing Analyzer Summary
--------------------------------------------------------------------------------------

Type           : Worst-case tsu
Slack          : N/A
Required Time  : None
Actual Time    : 4.988 ns
From           : dataIn3[0]
To             : Arbitr:inst7|lpm_dff1:inst21|lpm_ff:lpm_ff_component|dffs[2]
From Clock     : --
To Clock       : clk
Failed Paths   : 0

Type           : Worst-case tco
Slack          : N/A
Required Time  : None
Actual Time    : 10.801 ns
From           : Arbitr:inst7|inst17
To             : kek1[1]
From Clock     : clk
To Clock       : --
Failed Paths   : 0

Type           : Worst-case tpd
Slack          : N/A
Required Time  : None
Actual Time    : 12.389 ns
From           : dataIn3[0]
To             : slave3[0]
From Clock     : --
To Clock       : --
Failed Paths   : 0

Type           : Worst-case th
Slack          : N/A
Required Time  : None
Actual Time    : -2.397 ns
From           : dataIn2[1]
To             : Master:inst12|inst32
From Clock     : --
To Clock       : clk
Failed Paths   : 0

Type           : Clock Setup: 'clk'
Slack          : N/A
Required Time  : None
Actual Time    : 331.90 MHz ( period = 3.013 ns )
From           : Arbitr:inst7|inst17
To             : Master:inst|lpm_counter1:inst36|lpm_counter:lpm_counter_component|cntr_4ai:auto_generated|safe_q[1]
From Clock     : clk
To Clock       : clk
Failed Paths   : 0

Type           : Total number of failed paths
Slack          : 
Required Time  : 
Actual Time    : 
From           : 
To             : 
From Clock     : 
To Clock       : 
Failed Paths   : 0

--------------------------------------------------------------------------------------

